// Jest Snapshot v1, https://goo.gl/fbAQLP

exports[`Render QuestionArtistScreen component 1`] = `
<section
  className="game__screen"
>
  <h2
    className="game__title"
  >
    Кто исполняет эту песню?
  </h2>
  <div
    className="game__track"
  >
    <div
      className="track"
    />
  </div>
  <form
    className="game__artist"
  >
    <div
      className="artist"
    >
      <input
        className="artist__input visually-hidden"
        id="true-person0"
        name="answer"
        onChange={[Function]}
        type="radio"
        value="true-person"
      />
      <label
        className="artist__name"
        htmlFor="true-person0"
      >
        <img
          alt="true-person"
          className="artist__picture"
          src="http://placehold.it/134x134"
        />
        true-person
      </label>
    </div>
    <div
      className="artist"
    >
      <input
        className="artist__input visually-hidden"
        id="person-21"
        name="answer"
        onChange={[Function]}
        type="radio"
        value="person-2"
      />
      <label
        className="artist__name"
        htmlFor="person-21"
      >
        <img
          alt="person-2"
          className="artist__picture"
          src="http://placehold.it/134x134"
        />
        person-2
      </label>
    </div>
    <div
      className="artist"
    >
      <input
        className="artist__input visually-hidden"
        id="person-32"
        name="answer"
        onChange={[Function]}
        type="radio"
        value="person-3"
      />
      <label
        className="artist__name"
        htmlFor="person-32"
      >
        <img
          alt="person-3"
          className="artist__picture"
          src="http://placehold.it/134x134"
        />
        person-3
      </label>
    </div>
  </form>
</section>
`;
